// Vitest Snapshot v1, https://vitest.dev/guide/snapshot.html

exports[`herd API route table > exposes exactly the documented routes 1`] = `
[
  "DELETE /api/herd/animals/:id/diagnoses/:breedingId",
  "DELETE /api/herd/animals/:id/weighings/:weighingId",
  "DELETE /api/herd/breeds/:name",
  "DELETE /api/herd/categories/:id",
  "DELETE /api/herd/expenses/:id",
  "DELETE /api/herd/farm/invites/:id",
  "DELETE /api/herd/farm/members/:userId",
  "DELETE /api/herd/farms/:id",
  "DELETE /api/herd/invernadas/:id",
  "DELETE /api/herd/lots/:id",
  "DELETE /api/herd/manejo/:id",
  "DELETE /api/herd/protocols/:id",
  "DELETE /api/herd/semen-bulls/:id",
  "DELETE /api/herd/semen-bulls/:id/purchases/:purchaseId",
  "DELETE /api/herd/treatments/:id",
  "DELETE /api/herd/weighings",
  "GET /api/herd",
  "GET /api/herd/farm/team",
  "GET /api/herd/farms",
  "GET /api/herd/health",
  "GET /api/herd/invites",
  "PATCH /api/herd/animals/:id",
  "PATCH /api/herd/animals/:id/weighings/:weighingId",
  "PATCH /api/herd/farm/members/:userId",
  "PATCH /api/herd/invernadas/:id",
  "PATCH /api/herd/lots/:id",
  "PATCH /api/herd/semen-bulls/:id",
  "POST /api/herd/animals",
  "POST /api/herd/animals/:id/breedings",
  "POST /api/herd/animals/:id/calvings",
  "POST /api/herd/animals/:id/deactivate",
  "POST /api/herd/animals/:id/diagnoses",
  "POST /api/herd/animals/:id/reactivate",
  "POST /api/herd/animals/:id/weighings",
  "POST /api/herd/animals/batch",
  "POST /api/herd/animals/import",
  "POST /api/herd/births/import",
  "POST /api/herd/breeds",
  "POST /api/herd/categories",
  "POST /api/herd/expenses",
  "POST /api/herd/farm/invites",
  "POST /api/herd/farm/leave",
  "POST /api/herd/farms",
  "POST /api/herd/invernadas",
  "POST /api/herd/invites/:id/accept",
  "POST /api/herd/invites/:id/decline",
  "POST /api/herd/lots",
  "POST /api/herd/lots/:id/archive",
  "POST /api/herd/lots/:id/placements",
  "POST /api/herd/manejo",
  "POST /api/herd/manejo/:id/animals",
  "POST /api/herd/manejo/:id/animals/:animalId/baixa",
  "POST /api/herd/manejo/:id/animals/:animalId/complete",
  "POST /api/herd/manejo/:id/animals/:animalId/reopen",
  "POST /api/herd/manejo/:id/animals/:animalId/set-aside",
  "POST /api/herd/manejo/:id/animals/:animalId/skip",
  "POST /api/herd/manejo/:id/carcass-yield",
  "POST /api/herd/manejo/:id/close",
  "POST /api/herd/protocols",
  "POST /api/herd/semen-bulls",
  "POST /api/herd/semen-bulls/:id/purchases",
  "POST /api/herd/treatments/complete",
  "POST /api/herd/treatments/schedule",
  "PUT /api/herd/farm",
  "PUT /api/herd/farm/headquarters",
]
`;
